\BOOKMARK [1][-]{section*.1}{\376\377\000A\000b\000s\000t\000r\000a\000c\000t}{}% 1
\BOOKMARK [1][-]{section*.3}{\376\377\0001\000.\000\040\000I\000n\000t\000r\000o\000d\000u\000c\000t\000i\000o\000n}{}% 2
\BOOKMARK [1][-]{section*.7}{\376\377\0002\000.\000\040\000T\000h\000e\000\040\000E\000x\000p\000l\000i\000c\000i\000t\000\040\000K\0003\000\040\000S\000u\000r\000f\000a\000c\000e}{}% 3
\BOOKMARK [1][-]{section*.13}{\376\377\0003\000.\000\040\000Q\000u\000a\000n\000t\000i\000t\000a\000t\000i\000v\000e\000\040\000L\000o\000c\000a\000l\000\040\000C\000h\000a\000r\000t\000s}{}% 4
\BOOKMARK [1][-]{section*.21}{\376\377\0004\000.\000\040\000F\000r\000o\000m\000\040\000L\000o\000c\000a\000l\000\040\000C\000h\000a\000r\000t\000s\000\040\000t\000o\000\040\000a\000\040\000G\000l\000o\000b\000a\000l\000\040\000A\000t\000l\000a\000s}{}% 5
\BOOKMARK [1][-]{section*.26}{\376\377\0005\000.\000\040\000E\000x\000a\000c\000t\000\040\000T\000r\000a\000n\000s\000i\000t\000i\000o\000n\000\040\000M\000a\000p\000s}{}% 6
\BOOKMARK [1][-]{section*.30}{\376\377\0006\000.\000\040\000B\000r\000a\000n\000c\000h\000\040\000G\000e\000o\000m\000e\000t\000r\000y}{}% 7
\BOOKMARK [1][-]{section*.36}{\376\377\0007\000.\000\040\000C\000o\000m\000p\000u\000t\000e\000r\000-\000A\000s\000s\000i\000s\000t\000e\000d\000\040\000A\000n\000a\000l\000y\000t\000i\000c\000\040\000C\000o\000n\000t\000i\000n\000u\000a\000t\000i\000o\000n}{}% 8
\BOOKMARK [1][-]{section*.42}{\376\377\0008\000.\000\040\000C\000e\000r\000t\000i\000f\000i\000c\000a\000t\000i\000o\000n\000\040\000A\000r\000c\000h\000i\000t\000e\000c\000t\000u\000r\000e\000\040\000a\000n\000d\000\040\000R\000e\000p\000r\000o\000d\000u\000c\000i\000b\000i\000l\000i\000t\000y}{}% 9
\BOOKMARK [1][-]{section*.47}{\376\377\0009\000.\000\040\000V\000a\000l\000i\000d\000a\000t\000e\000d\000\040\000M\000e\000t\000r\000i\000c\000\040\000C\000o\000m\000p\000a\000t\000i\000b\000i\000l\000i\000t\000y\000\040\000o\000n\000\040\000S\000e\000l\000e\000c\000t\000e\000d\000\040\000C\000o\000n\000t\000i\000n\000u\000a\000t\000i\000o\000n\000\040\000D\000o\000m\000a\000i\000n\000s}{}% 10
\BOOKMARK [1][-]{section*.48}{\376\377\0001\0000\000.\000\040\000R\000e\000l\000a\000t\000i\000o\000n\000\040\000t\000o\000\040\000E\000x\000i\000s\000t\000i\000n\000g\000\040\000E\000x\000p\000l\000i\000c\000i\000t\000\040\000a\000n\000d\000\040\000N\000u\000m\000e\000r\000i\000c\000a\000l\000\040\000K\0003\000\040\000C\000o\000n\000s\000t\000r\000u\000c\000t\000i\000o\000n\000s}{}% 11
\BOOKMARK [1][-]{section*.53}{\376\377\0001\0001\000.\000\040\000D\000i\000s\000c\000u\000s\000s\000i\000o\000n}{}% 12
\BOOKMARK [1][-]{section*.57}{\376\377\000U\000s\000e\000\040\000o\000f\000\040\000l\000a\000r\000g\000e\000\040\000l\000a\000n\000g\000u\000a\000g\000e\000\040\000m\000o\000d\000e\000l\000s}{}% 13
\BOOKMARK [1][-]{section*.58}{\376\377\000A\000c\000k\000n\000o\000w\000l\000e\000d\000g\000e\000m\000e\000n\000t\000s}{}% 14
\BOOKMARK [1][-]{section*.59}{\376\377\000S\000t\000a\000t\000e\000m\000e\000n\000t\000s\000\040\000a\000n\000d\000\040\000D\000e\000c\000l\000a\000r\000a\000t\000i\000o\000n\000s}{}% 15
\BOOKMARK [1][-]{section*.59}{\376\377\000R\000e\000f\000e\000r\000e\000n\000c\000e\000s}{}% 16
\BOOKMARK [1][-]{section*.61}{\376\377\000A\000p\000p\000e\000n\000d\000i\000x\000\040\000A\000\040\040\023\000\040\000E\000x\000a\000c\000t\000\040\000d\000e\000f\000i\000n\000i\000n\000g\000\040\000e\000q\000u\000a\000t\000i\000o\000n\000s}{}% 17
\BOOKMARK [1][-]{section*.62}{\376\377\000A\000p\000p\000e\000n\000d\000i\000x\000\040\000B\000\040\040\023\000\040\000P\000r\000o\000o\000f\000\040\000o\000f\000\040\000P\000r\000o\000p\000o\000s\000i\000t\000i\000o\000n\000\040\0003\000.\0002}{}% 18
\BOOKMARK [1][-]{section*.63}{\376\377\000A\000p\000p\000e\000n\000d\000i\000x\000\040\000C\000\040\040\023\000\040\000T\000r\000a\000n\000s\000i\000t\000i\000o\000n\000\040\000f\000o\000r\000m\000u\000l\000a\000s}{}% 19
\BOOKMARK [1][-]{section*.64}{\376\377\000A\000p\000p\000e\000n\000d\000i\000x\000\040\000D\000\040\040\023\000\040\000B\000r\000a\000n\000c\000h\000\040\000c\000o\000n\000v\000e\000n\000t\000i\000o\000n\000s}{}% 20
\BOOKMARK [1][-]{section*.65}{\376\377\000A\000p\000p\000e\000n\000d\000i\000x\000\040\000E\000\040\040\023\000\040\000C\000e\000r\000t\000i\000f\000i\000c\000a\000t\000e\000\040\000s\000p\000e\000c\000i\000f\000i\000c\000a\000t\000i\000o\000n}{}% 21
\BOOKMARK [1][-]{section*.66}{\376\377\000A\000p\000p\000e\000n\000d\000i\000x\000\040\000F\000\040\040\023\000\040\000R\000e\000p\000r\000o\000d\000u\000c\000t\000i\000o\000n\000\040\000i\000n\000s\000t\000r\000u\000c\000t\000i\000o\000n\000s}{}% 22
